2025-07-11 19:17:34,762 - INFO - Starting backup...
2025-07-15 14:02:14,494 - INFO - Starting backup...
2025-07-15 14:02:14,497 - INFO - Backup completed: /Users/brandon_le/Downloads/backuptest/backup_20250715_145M14.zip
2025-07-15 14:03:28,100 - INFO - Starting backup...
2025-07-15 14:03:28,101 - INFO - Backup completed: /Users/brandon_le/Downloads/backuptest/backup_20250715_145M28.zip
2025-07-15 14:04:29,063 - INFO - Starting backup...
2025-07-15 14:04:29,064 - INFO - Backed up: /Users/brandon_le/Downloads/test/In Class Winter Assignment.docx
2025-07-15 14:04:29,065 - INFO - Backup completed: /Users/brandon_le/Downloads/backuptest/backup_20250715_145M29.zip
2025-07-19 23:28:28,247 - INFO - Starting backup...
2025-07-19 23:30:34,998 - INFO - Starting backup...
2025-07-19 23:30:35,000 - INFO - Backed up: /Users/brandon_le/Downloads/test/In Class Winter Assignment.docx
2025-07-19 23:30:35,000 - INFO - Backup completed: /Users/brandon_le/Downloads/backuptest/backup_20250719_235M34.zip
2025-07-19 23:33:25,750 - INFO - Starting backup...
2025-07-19 23:33:25,752 - INFO - Backed up: /Users/brandon_le/Downloads/test/In Class Winter Assignment.docx
2025-07-19 23:33:25,753 - INFO - Backup completed: /Users/brandon_le/Downloads/backuptest/backup_20250719_235M25.zip
2025-07-19 23:33:36,259 - INFO - Starting backup...
2025-07-19 23:33:36,262 - INFO - Backed up: /Users/brandon_le/Downloads/test/In Class Winter Assignment.docx
2025-07-19 23:33:36,263 - INFO - Backup completed: /Users/brandon_le/Downloads/backuptest/backup_20250719_235M36.zip
2025-07-19 23:33:38,152 - INFO - Starting backup...
2025-07-19 23:33:38,154 - INFO - Backed up: /Users/brandon_le/Downloads/test/In Class Winter Assignment.docx
2025-07-19 23:33:38,155 - INFO - Backup completed: /Users/brandon_le/Downloads/backuptest/backup_20250719_235M38.zip
2025-07-19 23:33:42,365 - INFO - Starting backup...
2025-07-19 23:33:42,368 - INFO - Backed up: /Users/brandon_le/Downloads/test/In Class Winter Assignment.docx
2025-07-19 23:33:42,368 - INFO - Backup completed: /Users/brandon_le/Downloads/backuptest/backup_20250719_235M42.zip
2025-07-19 23:33:43,893 - INFO - Starting backup...
2025-07-19 23:33:43,895 - INFO - Backed up: /Users/brandon_le/Downloads/test/In Class Winter Assignment.docx
2025-07-19 23:33:43,895 - INFO - Backup completed: /Users/brandon_le/Downloads/backuptest/backup_20250719_235M43.zip
2025-07-19 23:33:43,896 - INFO - Deleted old backup: backup_20250719_235M25.zip
2025-07-19 23:35:22,498 - INFO - Scheduled daily backup at 23:33
2025-07-19 23:40:44,973 - INFO - Scheduled daily backup at 23:41
2025-07-19 23:41:44,975 - INFO - Starting backup...
2025-07-19 23:41:44,978 - INFO - Backed up: /Users/brandon_le/Downloads/test/In Class Winter Assignment.docx
2025-07-19 23:41:44,979 - INFO - Backup completed: /Users/brandon_le/Downloads/backuptest/backup_20250719_235M44.zip
2025-07-23 15:50:03,575 - INFO - Scheduled daily backup at 15:51
2025-07-23 15:51:03,577 - INFO - Starting backup...
2025-07-23 15:51:03,581 - INFO - Backed up: /Users/brandon_le/Downloads/test/In Class Winter Assignment.docx
2025-07-23 15:51:03,581 - INFO - Backup completed: /Users/brandon_le/Downloads/backuptest/backup_20250723_155M03.zip
2025-07-23 15:51:29,814 - INFO - Starting backup...
2025-07-23 15:51:29,816 - INFO - Backed up: /Users/brandon_le/Downloads/test/In Class Winter Assignment.docx
2025-07-23 15:51:29,817 - INFO - Backup completed: /Users/brandon_le/Downloads/backuptest/backup_20250723_155M29.zip
2025-07-23 15:52:34,537 - INFO - Starting backup...
2025-07-23 15:52:34,539 - INFO - Backed up: /Users/brandon_le/Downloads/test/In Class Winter Assignment.docx
2025-07-23 15:52:34,540 - INFO - Backup completed: /Users/brandon_le/Downloads/backuptest/backup_20250723_155M34.zip
2025-07-23 15:55:28,352 - INFO - Starting backup...
2025-07-23 15:55:28,354 - INFO - Backed up: /Users/brandon_le/Downloads/test/In Class Winter Assignment.docx
2025-07-23 15:55:28,354 - INFO - Backup completed: /Users/brandon_le/Downloads/backuptest/backup_20250723_155M28.zip
2025-07-23 15:56:38,223 - INFO - Starting backup...
2025-07-23 15:56:38,225 - INFO - Backed up: /Users/brandon_le/Downloads/test/In Class Winter Assignment.docx
2025-07-23 15:56:38,226 - INFO - Backup completed: /Users/brandon_le/Downloads/backuptest/backup_20250723_155M38.zip
2025-07-23 15:56:40,075 - INFO - Scheduled daily backup at 15:58
2025-07-23 15:58:40,080 - INFO - Starting backup...
2025-07-23 15:58:40,083 - INFO - Backed up: /Users/brandon_le/Downloads/test/In Class Winter Assignment.docx
2025-07-23 15:58:40,083 - INFO - Backup completed: /Users/brandon_le/Downloads/backuptest/backup_20250723_155M40.zip
2025-07-23 15:59:53,818 - INFO - Backup scheduler stopped by user
2025-07-23 16:01:41,452 - INFO - Scheduled daily backup at 15:58
2025-07-23 16:01:46,307 - INFO - Backup scheduler stopped by user
2025-07-23 16:02:14,041 - INFO - Scheduled daily backup at 15:58
2025-07-23 16:02:17,284 - INFO - Backup scheduler stopped by user
2025-07-26 16:33:28,882 - INFO - Starting backup...
2025-07-26 17:08:35,727 - INFO - Starting backup...
2025-07-26 17:08:35,730 - INFO - Backed up: /Users/brandon_le/Downloads/test/In Class Winter Assignment.docx
2025-07-26 17:08:35,731 - INFO - Backup completed: /Users/brandon_le/Downloads/backuptest/backup_20250726_175M35.zip
2025-07-26 17:08:35,732 - INFO - Deleted old backup: backup_20250719_235M44.zip
2025-07-26 17:08:35,734 - INFO - Deleted old backup: backup_20250723_155M03.zip
2025-07-26 17:08:35,735 - INFO - Deleted old backup: backup_20250723_155M28.zip
2025-07-26 17:08:41,131 - INFO - Starting backup...
2025-07-26 17:08:41,133 - INFO - Backup completed: /Users/brandon_le/Downloads/backuptest/backup_20250726_175M41.zip
2025-07-26 17:08:41,134 - INFO - Deleted old backup: backup_20250723_155M29.zip
2025-07-26 17:08:46,853 - INFO - Starting backup...
2025-07-26 17:08:46,854 - INFO - Backup completed: /Users/brandon_le/Downloads/backuptest/backup_20250726_175M46.zip
2025-07-26 17:08:46,856 - INFO - Deleted old backup: backup_20250723_155M34.zip
2025-07-26 17:09:02,904 - INFO - Starting backup...
2025-07-26 17:09:02,906 - INFO - Backup completed: /Users/brandon_le/Downloads/backuptest/backup_20250726_175M02.zip
2025-07-26 17:09:40,364 - INFO - Starting backup...
2025-07-26 17:09:40,366 - INFO - Backed up: /Users/brandon_le/Downloads/test/In Class Winter Assignment.docx
2025-07-26 17:09:40,367 - INFO - Backup completed: /Users/brandon_le/Downloads/backuptest/backup_20250726_175M40.zip
2025-07-26 17:14:14,663 - INFO - Starting backup...
2025-07-26 17:14:14,724 - INFO - Backup completed: /Users/brandon_le/Downloads/backuptest/backup_20250726_175M14.zip
2025-07-26 17:14:17,186 - INFO - Starting backup...
2025-07-26 17:14:17,188 - INFO - Backup completed: /Users/brandon_le/Downloads/backuptest/backup_20250726_175M17.zip
2025-07-26 17:22:29,711 - INFO - Starting backup...
2025-07-26 17:22:29,713 - INFO - Backup completed: /Users/brandon_le/Downloads/backuptest/backup_20250726_172229.zip
2025-07-26 17:22:37,694 - INFO - Starting backup...
2025-07-26 17:22:37,696 - INFO - Backup completed: /Users/brandon_le/Downloads/backuptest/backup_20250726_172237.zip
2025-07-26 17:25:54,343 - INFO - Starting backup...
2025-07-26 17:25:54,344 - INFO - Skipped unchanged file: /Users/brandon_le/Downloads/test/In Class Winter Assignment.docx
2025-07-26 17:25:54,345 - INFO - Backup completed: /Users/brandon_le/Downloads/backuptest/backup_20250726_172554.zip
2025-07-26 17:26:03,033 - INFO - Starting backup...
2025-07-26 17:26:03,034 - INFO - Skipped unchanged file: /Users/brandon_le/Downloads/test/In Class Winter Assignment.docx
2025-07-26 17:26:03,035 - INFO - Backup completed: /Users/brandon_le/Downloads/backuptest/backup_20250726_172603.zip
2025-07-26 17:26:05,081 - INFO - Starting backup...
2025-07-26 17:26:05,082 - INFO - Skipped unchanged file: /Users/brandon_le/Downloads/test/In Class Winter Assignment.docx
2025-07-26 17:26:05,082 - INFO - Backup completed: /Users/brandon_le/Downloads/backuptest/backup_20250726_172605.zip
2025-07-26 17:26:06,244 - INFO - Starting backup...
2025-07-26 17:26:06,246 - INFO - Skipped unchanged file: /Users/brandon_le/Downloads/test/In Class Winter Assignment.docx
2025-07-26 17:26:06,246 - INFO - Backup completed: /Users/brandon_le/Downloads/backuptest/backup_20250726_172606.zip
2025-07-26 17:26:06,247 - INFO - Deleted old backup: backup_20250726_172229.zip
2025-07-26 17:29:22,358 - INFO - Starting backup...
2025-07-26 17:29:22,359 - INFO - Skipped unchanged file: /Users/brandon_le/Downloads/test/In Class Winter Assignment.docx
2025-07-26 17:29:22,360 - INFO - Backup completed: /Users/brandon_le/Downloads/backuptest/backup_20250726_172922.zip
2025-07-26 17:29:24,567 - INFO - Starting backup...
2025-07-26 17:29:24,568 - INFO - Skipped unchanged file: /Users/brandon_le/Downloads/test/In Class Winter Assignment.docx
2025-07-26 17:29:24,568 - INFO - Backup completed: /Users/brandon_le/Downloads/backuptest/backup_20250726_172924.zip
2025-07-26 17:32:37,280 - INFO - Starting backup...
2025-07-26 17:32:37,281 - INFO - Checking file: /Users/brandon_le/Downloads/test/In Class Winter Assignment.docx | Modified: 2025-07-26 17:09:32.616023 | Last backup: 2025-07-26 17:29:24.569392
2025-07-26 17:32:37,281 - INFO - Skipped unchanged file: /Users/brandon_le/Downloads/test/In Class Winter Assignment.docx
2025-07-26 17:32:37,281 - INFO - Backup completed: /Users/brandon_le/Downloads/backuptest/backup_20250726_173237.zip
2025-07-26 17:41:40,288 - INFO - Starting backup...
2025-07-26 17:41:40,290 - INFO - Checking file: /Users/brandon_le/Downloads/test/In Class Winter Assignment.docx | Modified: 2025-07-26 17:09:32.616023 | Last backup: 2025-07-26 17:32:37.282337
2025-07-26 17:41:40,290 - INFO - Skipped unchanged file: /Users/brandon_le/Downloads/test/In Class Winter Assignment.docx
2025-07-26 17:41:40,290 - INFO - No files changed since last backup
2025-07-26 17:41:56,338 - INFO - Starting backup...
2025-07-26 17:41:56,338 - INFO - Checking file: /Users/brandon_le/Downloads/test/~$ Class Winter Assignment.docx | Modified: 2025-07-26 17:41:49.645975 | Last backup: 2025-07-26 17:32:37.282337
2025-07-26 17:41:56,339 - INFO - Checking file: /Users/brandon_le/Downloads/test/In Class Winter Assignment.docx | Modified: 2025-07-26 17:09:32.616023 | Last backup: 2025-07-26 17:32:37.282337
2025-07-26 17:41:56,339 - INFO - Skipped unchanged file: /Users/brandon_le/Downloads/test/In Class Winter Assignment.docx
2025-07-26 17:41:56,340 - INFO - Backed up: /Users/brandon_le/Downloads/test/~$ Class Winter Assignment.docx
2025-07-26 17:41:56,340 - INFO - Backup completed: /Users/brandon_le/Downloads/backuptest/backup_20250726_174156.zip
2025-07-26 17:42:08,818 - INFO - Starting backup...
2025-07-26 17:42:08,818 - INFO - Checking file: /Users/brandon_le/Downloads/test/In Class Winter Assignment.docx | Modified: 2025-07-26 17:09:32.616023 | Last backup: 2025-07-26 17:41:56.340883
2025-07-26 17:42:08,819 - INFO - Skipped unchanged file: /Users/brandon_le/Downloads/test/In Class Winter Assignment.docx
2025-07-26 17:42:08,819 - INFO - No files changed since last backup
2025-07-26 17:42:26,990 - INFO - Starting backup...
2025-07-26 17:42:26,990 - INFO - Checking file: /Users/brandon_le/Downloads/test/In Class Winter Assignment.docx | Modified: 2025-07-26 17:42:24.686172 | Last backup: 2025-07-26 17:41:56.340883
2025-07-26 17:42:26,992 - INFO - Backed up: /Users/brandon_le/Downloads/test/In Class Winter Assignment.docx
2025-07-26 17:42:26,992 - INFO - Backup completed: /Users/brandon_le/Downloads/backuptest/backup_20250726_174226.zip
2025-07-26 17:42:36,438 - INFO - Starting backup...
2025-07-26 17:42:36,438 - INFO - Checking file: /Users/brandon_le/Downloads/test/In Class Winter Assignment.docx | Modified: 2025-07-26 17:42:24.686172 | Last backup: 2025-07-26 17:42:26.993361
2025-07-26 17:42:36,438 - INFO - Skipped unchanged file: /Users/brandon_le/Downloads/test/In Class Winter Assignment.docx
2025-07-26 17:42:36,438 - INFO - No files changed since last backup
2025-07-26 17:42:38,663 - INFO - Starting backup...
2025-07-26 17:42:38,664 - INFO - Checking file: /Users/brandon_le/Downloads/test/In Class Winter Assignment.docx | Modified: 2025-07-26 17:42:24.686172 | Last backup: 2025-07-26 17:42:26.993361
2025-07-26 17:42:38,664 - INFO - Skipped unchanged file: /Users/brandon_le/Downloads/test/In Class Winter Assignment.docx
2025-07-26 17:42:38,664 - INFO - No files changed since last backup
2025-07-26 17:42:48,615 - INFO - Starting backup...
2025-07-26 17:42:48,616 - INFO - Checking file: /Users/brandon_le/Downloads/test/In Class Winter Assignment.docx | Modified: 2025-07-26 17:42:24.686172 | Last backup: 2025-07-26 17:42:26.993361
2025-07-26 17:42:48,616 - INFO - Skipped unchanged file: /Users/brandon_le/Downloads/test/In Class Winter Assignment.docx
2025-07-26 17:42:48,616 - INFO - No files changed since last backup
2025-07-26 17:42:50,320 - INFO - Starting backup...
2025-07-26 17:42:50,320 - INFO - Checking file: /Users/brandon_le/Downloads/test/In Class Winter Assignment.docx | Modified: 2025-07-26 17:42:24.686172 | Last backup: 2025-07-26 17:42:26.993361
2025-07-26 17:42:50,320 - INFO - Skipped unchanged file: /Users/brandon_le/Downloads/test/In Class Winter Assignment.docx
2025-07-26 17:42:50,321 - INFO - No files changed since last backup
2025-07-26 17:43:21,951 - INFO - Starting backup...
2025-07-26 17:43:21,951 - INFO - Checking file: /Users/brandon_le/Downloads/test/Intro and Conclusion Paragraphs 4.08.25.docx | Modified: 2025-04-08 15:41:30.699845 | Last backup: 2025-07-26 17:42:26.993361
2025-07-26 17:43:21,951 - INFO - Skipped unchanged file: /Users/brandon_le/Downloads/test/Intro and Conclusion Paragraphs 4.08.25.docx
2025-07-26 17:43:21,952 - INFO - Checking file: /Users/brandon_le/Downloads/test/In Class Winter Assignment.docx | Modified: 2025-07-26 17:42:24.686172 | Last backup: 2025-07-26 17:42:26.993361
2025-07-26 17:43:21,952 - INFO - Skipped unchanged file: /Users/brandon_le/Downloads/test/In Class Winter Assignment.docx
2025-07-26 17:43:21,952 - INFO - No files changed since last backup
2025-07-26 17:43:29,589 - INFO - Starting backup...
2025-07-26 17:43:29,590 - INFO - Checking file: /Users/brandon_le/Downloads/test/Intro and Conclusion Paragraphs 4.08.25.docx | Modified: 2025-04-08 15:41:30.699845 | Last backup: 2025-07-26 17:42:26.993361
2025-07-26 17:43:29,590 - INFO - Skipped unchanged file: /Users/brandon_le/Downloads/test/Intro and Conclusion Paragraphs 4.08.25.docx
2025-07-26 17:43:29,590 - INFO - Checking file: /Users/brandon_le/Downloads/test/In Class Winter Assignment.docx | Modified: 2025-07-26 17:42:24.686172 | Last backup: 2025-07-26 17:42:26.993361
2025-07-26 17:43:29,590 - INFO - Skipped unchanged file: /Users/brandon_le/Downloads/test/In Class Winter Assignment.docx
2025-07-26 17:43:29,590 - INFO - No files changed since last backup
2025-07-26 17:43:49,332 - INFO - Starting backup...
2025-07-26 17:43:49,333 - INFO - Checking file: /Users/brandon_le/Downloads/test/Intro and Conclusion Paragraphs 4.08.25.docx | Modified: 2025-04-08 15:41:30.699845 | Last backup: 2025-07-26 17:42:26.993361
2025-07-26 17:43:49,333 - INFO - Skipped unchanged file: /Users/brandon_le/Downloads/test/Intro and Conclusion Paragraphs 4.08.25.docx
2025-07-26 17:43:49,333 - INFO - Checking file: /Users/brandon_le/Downloads/test/In Class Winter Assignment.docx | Modified: 2025-07-26 17:42:24.686172 | Last backup: 2025-07-26 17:42:26.993361
2025-07-26 17:43:49,333 - INFO - Skipped unchanged file: /Users/brandon_le/Downloads/test/In Class Winter Assignment.docx
2025-07-26 17:43:49,333 - INFO - No files changed since last backup
2025-07-26 17:44:19,618 - INFO - Starting backup...
2025-07-26 17:44:19,618 - INFO - Checking file: /Users/brandon_le/Downloads/test/Intro and Conclusion Paragraphs 4.08.25.docx | Modified: 2025-04-08 15:41:30.699845 | Last backup: 2025-07-26 17:42:26.993361
2025-07-26 17:44:19,618 - INFO - Skipped unchanged file: /Users/brandon_le/Downloads/test/Intro and Conclusion Paragraphs 4.08.25.docx
2025-07-26 17:44:19,618 - INFO - No files changed since last backup
2025-07-26 17:44:34,957 - INFO - Starting backup...
2025-07-26 17:44:34,957 - INFO - Checking file: /Users/brandon_le/Downloads/test/Intro and Conclusion Paragraphs 4.08.25.docx | Modified: 2025-07-26 17:44:32.748459 | Last backup: 2025-07-26 17:42:26.993361
2025-07-26 17:44:34,958 - INFO - Backed up: /Users/brandon_le/Downloads/test/Intro and Conclusion Paragraphs 4.08.25.docx
2025-07-26 17:44:34,958 - INFO - Backup completed: /Users/brandon_le/Downloads/backuptest/backup_20250726_174434.zip
2025-10-18 16:55:37,402 - ERROR - Validation error: Invalid path: potential directory traversal
2025-10-18 16:55:37,403 - INFO - Deleted old backup: backup_20240101_120000.zip
2025-10-18 16:55:37,403 - INFO - Deleted old backup: backup_20240101_120001.zip
2025-10-18 16:55:37,403 - ERROR - Validation error: Invalid path: potential directory traversal
2025-10-18 16:56:19,784 - INFO - Path and extensions validation passed
2025-10-18 16:56:19,784 - INFO - Starting backup...
2025-10-18 16:56:19,784 - INFO - Checking file: /var/folders/hj/wfhvn0r95f108vxq49j0px400000gn/T/backup_test_8070851w/source/test1.txt | Modified: 2025-10-18 16:56:19.782223 | Last backup: 2025-07-26 17:44:34.959192
2025-10-18 16:56:19,784 - INFO - Checking file: /var/folders/hj/wfhvn0r95f108vxq49j0px400000gn/T/backup_test_8070851w/source/test2.jpg | Modified: 2025-10-18 16:56:19.782300 | Last backup: 2025-07-26 17:44:34.959192
2025-10-18 16:56:19,784 - INFO - Checking file: /var/folders/hj/wfhvn0r95f108vxq49j0px400000gn/T/backup_test_8070851w/source/test3.docx | Modified: 2025-10-18 16:56:19.782370 | Last backup: 2025-07-26 17:44:34.959192
2025-10-18 16:56:19,784 - INFO - Checking file: /var/folders/hj/wfhvn0r95f108vxq49j0px400000gn/T/backup_test_8070851w/source/subfolder/test4.txt | Modified: 2025-10-18 16:56:19.782486 | Last backup: 2025-07-26 17:44:34.959192
2025-10-18 16:56:19,784 - INFO - Checking file: /var/folders/hj/wfhvn0r95f108vxq49j0px400000gn/T/backup_test_8070851w/source/subfolder/test5.jpg | Modified: 2025-10-18 16:56:19.782560 | Last backup: 2025-07-26 17:44:34.959192
2025-10-18 16:56:19,784 - INFO - Backed up: /var/folders/hj/wfhvn0r95f108vxq49j0px400000gn/T/backup_test_8070851w/source/test1.txt
2025-10-18 16:56:19,784 - INFO - Backed up: /var/folders/hj/wfhvn0r95f108vxq49j0px400000gn/T/backup_test_8070851w/source/test2.jpg
2025-10-18 16:56:19,784 - INFO - Backed up: /var/folders/hj/wfhvn0r95f108vxq49j0px400000gn/T/backup_test_8070851w/source/test3.docx
2025-10-18 16:56:19,784 - INFO - Backed up: /var/folders/hj/wfhvn0r95f108vxq49j0px400000gn/T/backup_test_8070851w/source/subfolder/test4.txt
2025-10-18 16:56:19,784 - INFO - Backed up: /var/folders/hj/wfhvn0r95f108vxq49j0px400000gn/T/backup_test_8070851w/source/subfolder/test5.jpg
2025-10-18 16:56:19,784 - INFO - Backup completed: /var/folders/hj/wfhvn0r95f108vxq49j0px400000gn/T/backup_test_8070851w/backup/backup_20251018_165619.zip
2025-10-18 16:56:19,785 - INFO - Encrypted backup: /var/folders/hj/wfhvn0r95f108vxq49j0px400000gn/T/backup_test_8070851w/backup/backup_20251018_165619.zip.enc
2025-10-18 16:56:19,785 - INFO - Deleted old backup: backup_20240101_120000.zip
2025-10-18 16:56:19,785 - INFO - Deleted old backup: backup_20240101_120001.zip
2025-10-18 16:56:19,785 - INFO - Path and extensions validation passed
2025-10-18 16:56:19,786 - INFO - Starting backup...
2025-10-18 16:56:19,786 - INFO - No files changed since last backup
2025-10-18 16:56:46,700 - INFO - Path and extensions validation passed
2025-10-18 16:56:46,700 - INFO - Starting backup...
2025-10-18 16:56:46,700 - INFO - Checking file: /var/folders/hj/wfhvn0r95f108vxq49j0px400000gn/T/backup_test_yjotbs96/source/test1.txt | Modified: 2025-10-18 16:56:46.698219 | Last backup: 2025-10-18 16:56:19.785373
2025-10-18 16:56:46,700 - INFO - Checking file: /var/folders/hj/wfhvn0r95f108vxq49j0px400000gn/T/backup_test_yjotbs96/source/test2.jpg | Modified: 2025-10-18 16:56:46.698299 | Last backup: 2025-10-18 16:56:19.785373
2025-10-18 16:56:46,700 - INFO - Checking file: /var/folders/hj/wfhvn0r95f108vxq49j0px400000gn/T/backup_test_yjotbs96/source/test3.docx | Modified: 2025-10-18 16:56:46.698367 | Last backup: 2025-10-18 16:56:19.785373
2025-10-18 16:56:46,700 - INFO - Checking file: /var/folders/hj/wfhvn0r95f108vxq49j0px400000gn/T/backup_test_yjotbs96/source/subfolder/test4.txt | Modified: 2025-10-18 16:56:46.698476 | Last backup: 2025-10-18 16:56:19.785373
2025-10-18 16:56:46,700 - INFO - Checking file: /var/folders/hj/wfhvn0r95f108vxq49j0px400000gn/T/backup_test_yjotbs96/source/subfolder/test5.jpg | Modified: 2025-10-18 16:56:46.698544 | Last backup: 2025-10-18 16:56:19.785373
2025-10-18 16:56:46,700 - INFO - Backed up: /var/folders/hj/wfhvn0r95f108vxq49j0px400000gn/T/backup_test_yjotbs96/source/test1.txt
2025-10-18 16:56:46,700 - INFO - Backed up: /var/folders/hj/wfhvn0r95f108vxq49j0px400000gn/T/backup_test_yjotbs96/source/test2.jpg
2025-10-18 16:56:46,700 - INFO - Backed up: /var/folders/hj/wfhvn0r95f108vxq49j0px400000gn/T/backup_test_yjotbs96/source/test3.docx
2025-10-18 16:56:46,700 - INFO - Backed up: /var/folders/hj/wfhvn0r95f108vxq49j0px400000gn/T/backup_test_yjotbs96/source/subfolder/test4.txt
2025-10-18 16:56:46,700 - INFO - Backed up: /var/folders/hj/wfhvn0r95f108vxq49j0px400000gn/T/backup_test_yjotbs96/source/subfolder/test5.jpg
2025-10-18 16:56:46,700 - INFO - Backup completed: /var/folders/hj/wfhvn0r95f108vxq49j0px400000gn/T/backup_test_yjotbs96/backup/backup_20251018_165646.zip
2025-10-18 16:56:46,701 - INFO - Encrypted backup: /var/folders/hj/wfhvn0r95f108vxq49j0px400000gn/T/backup_test_yjotbs96/backup/backup_20251018_165646.zip.enc
2025-10-18 16:56:46,701 - INFO - Deleted old backup: backup_20240101_120000.zip.enc
2025-10-18 16:56:46,701 - INFO - Deleted old backup: backup_20240101_120001.zip.enc
2025-10-18 16:56:46,701 - INFO - Deleted old backup: backup_20240101_120002.zip.enc
2025-10-18 16:56:46,701 - INFO - Path and extensions validation passed
2025-10-18 16:56:46,701 - INFO - Starting backup...
2025-10-18 16:56:46,701 - INFO - No files changed since last backup
2025-10-18 16:56:56,611 - INFO - Path and extensions validation passed
2025-10-18 16:56:56,612 - INFO - Starting backup...
2025-10-18 16:56:58,844 - INFO - Checking file: /Users/brandon_le/Documents/test/Intro and Conclusion Paragraphs 4.08.25.docx | Modified: 2025-07-26 17:44:32.748459 | Last backup: 2025-10-18 16:56:46.701063
2025-10-18 16:56:58,844 - INFO - Skipped unchanged file: /Users/brandon_le/Documents/test/Intro and Conclusion Paragraphs 4.08.25.docx
2025-10-18 16:56:58,844 - INFO - No files changed since last backup
